exports[`test creates the expected data 1`] = `
Object {
  "aNumber": 123,
  "aString": "abc",
}
`;

exports[`test creates the expected options 1`] = `
Object {
  "components": Object {
    "Vue": [Function],
  },
  "computed": Object {
    "aComputedNumber": Object {
      "get": [Function],
      "set": [Function],
    },
    "aComputedNumberGetter": Object {
      "get": [Function],
      "set": undefined,
    },
    "aComputedString": Object {
      "get": [Function],
      "set": [Function],
    },
    "aComputedStringGetter": Object {
      "get": [Function],
      "set": undefined,
    },
  },
  "created": [Function],
  "data": [Function],
  "methods": Object {
    "aMethod": [Function],
    "aStringWatch": [Function],
  },
  "name": "AllInOne",
  "props": Object {
    "aNumberProp": Object {
      "required": true,
      "type": [Function],
    },
    "aNumberPropWithValue": Object {
      "default": 123,
      "type": [Function],
    },
    "aStringProp": Object {
      "required": true,
      "type": [Function],
    },
    "aStringPropWithValue": Object {
      "default": "abc",
      "type": [Function],
    },
    "anExplicitStringProp": Object {
      "required": true,
      "type": [Function],
    },
    "anExplicitlyTypedProp": Object {
      "required": true,
      "type": Array [
        [Function],
        [Function],
      ],
    },
  },
  "watch": Object {
    "aString": Object {
      "handler": "aStringWatch",
    },
  },
}
`;
